
> portfolio@0.0.0 build
> vite build

[36mvite v5.4.21 [32mbuilding for production...[36m[39m
transforming...
[32mΓ£ô[39m 1664 modules transformed.
rendering chunks...
computing gzip size...
[2mdist/[22m[32mindex.html                 [39m[1m[2m  1.10 kB[22m[1m[22m[2m Γöé gzip:  0.59 kB[22m
[2mdist/[22m[35massets/index-D081MWYx.css  [39m[1m[2m 27.59 kB[22m[1m[22m[2m Γöé gzip:  5.66 kB[22m
[2mdist/[22m[36massets/index-BdZIziLy.js   [39m[1m[2m299.67 kB[22m[1m[22m[2m Γöé gzip: 98.85 kB[22m
[32mΓ£ô built in 8.72s[39m
